tls_client_extensions.c:81:9:tlsFormatClientSupportedVersionsExtension	40	static
tls_client_extensions.c:175:9:tlsFormatClientSniExtension	40	static
tls_client_extensions.c:248:9:tlsFormatClientMaxFragLenExtension	32	static
tls_client_extensions.c:309:9:tlsFormatClientRecordSizeLimitExtension	40	static
tls_client_extensions.c:365:9:tlsFormatSupportedGroupsExtension	56	static
tls_client_extensions.c:475:9:tlsFormatClientEcPointFormatsExtension	40	static
tls_client_extensions.c:537:9:tlsFormatClientAlpnExtension	32	static
tls_client_extensions.c:623:9:tlsFormatClientCertTypeListExtension	32	static
tls_client_extensions.c:679:9:tlsFormatServerCertTypeListExtension	32	static
tls_client_extensions.c:739:9:tlsFormatClientEmsExtension	32	static
tls_client_extensions.c:784:9:tlsFormatClientRenegoInfoExtension	32	static
tls_client_extensions.c:852:9:tlsFormatClientHelloPaddingExtension	32	static
tls_client_extensions.c:910:9:tlsParseServerSniExtension	16	static
tls_client_extensions.c:937:9:tlsParseServerMaxFragLenExtension	16	static
tls_client_extensions.c:986:9:tlsParseServerRecordSizeLimitExtension	24	static
tls_client_extensions.c:1046:9:tlsParseServerEcPointFormatsExtension	24	static
tls_client_extensions.c:1094:9:tlsParseServerAlpnExtension	16	static
tls_client_extensions.c:1174:9:tlsParseClientCertTypeExtension	16	static
tls_client_extensions.c:1208:9:tlsParseServerCertTypeExtension	16	static
tls_client_extensions.c:1250:9:tlsParseServerEmsExtension	16	static
tls_client_extensions.c:1303:9:tlsParseServerRenegoInfoExtension	16	static
