dhcp_client.c:75:6:dhcpClientGetDefaultSettings	16	static
dhcp_client.c:114:9:dhcpClientInit	40	static
dhcp_client.c:181:9:dhcpClientStart	24	static
dhcp_client.c:227:9:dhcpClientStop	16	static
dhcp_client.c:258:11:dhcpClientGetState	24	static
dhcp_client.c:284:6:dhcpClientTick	16	static
dhcp_client.c:361:6:dhcpClientLinkChangeEvent	24	static
dhcp_client.c:426:6:dhcpClientStateInit	24	static
dhcp_client.c:466:6:dhcpClientStateSelecting	32	static
dhcp_client.c:528:6:dhcpClientStateRequesting	32	static
dhcp_client.c:607:6:dhcpClientStateInitReboot	24	static
dhcp_client.c:647:6:dhcpClientStateRebooting	32	static
dhcp_client.c:725:6:dhcpClientStateProbing	32	static
dhcp_client.c:796:6:dhcpClientStateBound	24	static
dhcp_client.c:837:6:dhcpClientStateRenewing	24	static
dhcp_client.c:902:6:dhcpClientStateRebinding	32	static
dhcp_client.c:982:9:dhcpClientSendDiscover	104	static
dhcp_client.c:1099:9:dhcpClientSendRequest	112	static
dhcp_client.c:1259:9:dhcpClientSendDecline	104	static
dhcp_client.c:1350:6:dhcpClientProcessMessage	40	static
dhcp_client.c:1433:6:dhcpClientParseOffer	40	static
dhcp_client.c:1485:6:dhcpClientParseAck	56	static
dhcp_client.c:1720:6:dhcpClientParseNak	40	static
dhcp_client.c:1791:6:dhcpClientCheckTimeout	24	static
dhcp_client.c:1836:10:dhcpClientComputeElapsedTime	24	static
dhcp_client.c:1859:6:dhcpClientChangeState	40	static
dhcp_client.c:1923:6:dhcpClientDumpConfig	40	static
