mib_common.c:47:9:mibEncodeIndex	24	static
mib_common.c:64:9:mibDecodeIndex	32	static
mib_common.c:94:9:mibEncodeUnsigned32	24	static
mib_common.c:111:9:mibDecodeUnsigned32	24	static
mib_common.c:129:9:mibEncodeString	32	static
mib_common.c:149:9:mibDecodeString	48	static
mib_common.c:182:9:mibEncodeOctetString	32	static
mib_common.c:225:9:mibDecodeOctetString	40	static
mib_common.c:297:9:mibEncodeObjectIdentifier	40	static
mib_common.c:377:9:mibDecodeObjectIdentifier	40	static
mib_common.c:478:9:mibEncodePort	24	static
mib_common.c:495:9:mibDecodePort	32	static
mib_common.c:528:9:mibEncodeMacAddr	32	static
mib_common.c:564:9:mibDecodeMacAddr	40	static
mib_common.c:613:9:mibEncodeIpv4Addr	40	static
mib_common.c:647:9:mibDecodeIpv4Addr	40	static
mib_common.c:689:9:mibEncodeIpv6Addr	32	static
mib_common.c:719:9:mibDecodeIpv6Addr	40	static
mib_common.c:757:9:mibEncodeIpAddr	32	static
mib_common.c:835:9:mibDecodeIpAddr	48	static
mib_common.c:903:7:mibCompIpAddr	24	static
mib_common.c:941:9:mibTestAndIncSpinLock	32	static
