web_socket_misc.c:88:6:webSocketChangeState	16	static
web_socket_misc.c:107:9:webSocketParseHandshake	40	static
web_socket_misc.c:366:9:webSocketParseRequestLine	32	static
web_socket_misc.c:474:9:webSocketParseStatusLine	24	static
web_socket_misc.c:512:9:webSocketParseHeaderField	32	static
web_socket_misc.c:599:6:webSocketParseConnectionField	24	static
web_socket_misc.c:643:9:webSocketFormatClientHandshake	32	static
web_socket_misc.c:725:9:webSocketFormatServerHandshake	40	static
web_socket_misc.c:777:9:webSocketFormatErrorResponse	56	static
web_socket_misc.c:853:9:webSocketVerifyClientHandshake	24	static
web_socket_misc.c:902:9:webSocketVerifyServerHandshake	24	static
web_socket_misc.c:965:9:webSocketGenerateClientKey	48	static
web_socket_misc.c:1009:9:webSocketGenerateServerKey	120	static
web_socket_misc.c:1049:9:webSocketVerifyClientKey	32	static
web_socket_misc.c:1090:9:webSocketVerifyServerKey	128	static
web_socket_misc.c:1140:8:webSocketCheckStatusCode	24	static
web_socket_misc.c:1179:9:webSocketDecodePercentEncodedString	32	static
web_socket_misc.c:1241:8:webSocketCheckUtf8Stream	32	static
