web_socket.c:60:9:webSocketInit	8	static
web_socket.c:76:9:webSocketRegisterRandCallback	16	static
web_socket.c:95:12:webSocketOpen	24	static
web_socket.c:155:12:webSocketUpgradeSocket	24	static
web_socket.c:194:12:webSocketUpgradeSecureSocket	24	static
web_socket.c:233:9:webSocketRegisterTlsInitCallback	16	static
web_socket.c:257:9:webSocketSetTimeout	16	static
web_socket.c:282:9:webSocketSetHost	16	static
web_socket.c:303:9:webSocketSetOrigin	16	static
web_socket.c:324:9:webSocketSetSubProtocol	16	static
web_socket.c:347:9:webSocketSetAuthInfo	24	static
web_socket.c:380:9:webSocketBindToInterface	16	static
web_socket.c:404:9:webSocketConnect	48	static
web_socket.c:658:9:webSocketSetClientKey	24	static
web_socket.c:724:9:webSocketParseClientHandshake	24	static
web_socket.c:813:9:webSocketSendServerHandshake	40	static
web_socket.c:876:9:webSocketSendErrorResponse	48	static
web_socket.c:951:9:webSocketSend	40	static
web_socket.c:972:9:webSocketSendEx	64	static
web_socket.c:1136:9:webSocketReceive	48	static
web_socket.c:1159:9:webSocketReceiveEx	64	static
web_socket.c:1414:8:webSocketIsRxReady	24	static
web_socket.c:1439:9:webSocketShutdown	40	static
web_socket.c:1555:6:webSocketClose	16	static
