bsd_socket.c:58:7:socketTranslateErrorCode	24	static
bsd_socket.c:108:7:socket	32	static
bsd_socket.c:150:7:bind	72	static
bsd_socket.c:251:7:connect	72	static
bsd_socket.c:353:7:listen	24	static
bsd_socket.c:391:7:accept	72	static
bsd_socket.c:483:7:send	48	static
bsd_socket.c:542:7:sendto	96	static
bsd_socket.c:647:7:recv	48	static
bsd_socket.c:696:7:recvfrom	96	static
bsd_socket.c:791:7:getsockname	40	static
bsd_socket.c:883:7:getpeername	40	static
bsd_socket.c:977:7:setsockopt	40	static
bsd_socket.c:1127:7:getsockopt	40	static
bsd_socket.c:1308:7:ioctlsocket	40	static
bsd_socket.c:1385:7:fcntl	40	static
bsd_socket.c:1460:7:shutdown	24	static
bsd_socket.c:1496:7:closesocket	24	static
bsd_socket.c:1534:7:select	64	static
bsd_socket.c:1704:6:selectFdZero	16	static
bsd_socket.c:1717:6:selectFdSet	24	static
bsd_socket.c:1746:6:selectFdClr	24	static
bsd_socket.c:1778:7:selectFdIsSet	24	static
bsd_socket.c:1803:7:gethostbyname	48	static
bsd_socket.c:1859:11:inet_addr	24	static
bsd_socket.c:1893:7:inet_aton	24	static
bsd_socket.c:1929:15:inet_ntoa	16	static
bsd_socket.c:1952:7:inet_pton	56	static
bsd_socket.c:2024:15:inet_ntop	56	static
