net.c:104:9:netInit	32	static
net.c:301:9:netSetMacAddr	16	static
net.c:336:9:netGetMacAddr	24	static
net.c:373:9:netSetEui64	16	static
net.c:398:9:netGetEui64	24	static
net.c:430:9:netSetInterfaceId	16	static
net.c:455:9:netSetInterfaceName	16	static
net.c:482:9:netSetHostname	16	static
net.c:510:9:netSetProxy	24	static
net.c:539:9:netSetVlanId	16	static
net.c:573:9:netSetVmanId	16	static
net.c:607:9:netSetSwitchPort	16	static
net.c:638:9:netSetParentInterface	16	static
net.c:670:9:netSetDriver	16	static
net.c:695:9:netSetPhyDriver	16	static
net.c:720:9:netSetPhyAddr	16	static
net.c:749:9:netSetSpiDriver	16	static
net.c:774:9:netSetUartDriver	16	static
net.c:799:9:netSetExtIntDriver	16	static
net.c:824:9:netSetLinkState	16	static
net.c:856:8:netGetLinkState	24	static
net.c:882:9:netConfigInterface	24	static
net.c:1070:6:netTask	32	static
net.c:1201:6:netTick	16	static
net.c:1511:15:netGetDefaultInterface	4	static
net.c:1524:9:netInitRand	16	static
net.c:1539:10:netGetRand	16	static
net.c:1570:9:netGetRandRange	24	static
net.c:1600:9:netAttachLinkChangeCallback	32	static
net.c:1649:9:netDetachLinkChangeCallback	16	static
net.c:1673:6:netInvokeLinkChangeCallback	24	static
