tcp_misc.c:65:9:tcpSendSegment	112	static
tcp_misc.c:285:9:tcpSendResetSegment	112	static
tcp_misc.c:421:9:tcpAddOption	40	static
tcp_misc.c:469:12:tcpGetOption	32	static
tcp_misc.c:525:9:tcpCheckSequenceNumber	40	static
tcp_misc.c:594:9:tcpCheckSyn	32	static
tcp_misc.c:628:9:tcpCheckAck	56	static
tcp_misc.c:819:8:tcpIsDuplicateSyn	32	static
tcp_misc.c:895:8:tcpIsDuplicateAck	32	static
tcp_misc.c:937:6:tcpFastRetransmit	24	static
tcp_misc.c:976:6:tcpFastRecovery	24	static
tcp_misc.c:1025:6:tcpFastLossRecovery	16	static
tcp_misc.c:1063:6:tcpProcessSegmentData	40	static
tcp_misc.c:1130:6:tcpDeleteControlBlock	16	static
tcp_misc.c:1151:6:tcpUpdateRetransmitQueue	40	static
tcp_misc.c:1227:6:tcpFlushRetransmitQueue	24	static
tcp_misc.c:1256:6:tcpFlushSynQueue	24	static
tcp_misc.c:1284:6:tcpUpdateSackBlocks	32	static
tcp_misc.c:1337:6:tcpUpdateSendWindow	16	static
tcp_misc.c:1387:6:tcpUpdateReceiveWindow	32	static
tcp_misc.c:1424:8:tcpComputeRto	32	static
tcp_misc.c:1493:9:tcpRetransmitSegment	48	static
tcp_misc.c:1596:9:tcpNagleAlgo	40	static
tcp_misc.c:1725:6:tcpChangeState	16	static
tcp_misc.c:1756:6:tcpUpdateEvents	16	static
tcp_misc.c:1885:8:tcpWaitForEvents	24	static
tcp_misc.c:1923:6:tcpWriteTxBuffer	32	static
tcp_misc.c:1957:9:tcpReadTxBuffer	32	static
tcp_misc.c:2001:6:tcpWriteRxBuffer	40	static
tcp_misc.c:2034:6:tcpReadRxBuffer	32	static
tcp_misc.c:2067:6:tcpDumpHeader	24	static
