x509_cert_parse.c:62:9:x509ParseCertificate	56	static
x509_cert_parse.c:130:9:x509ParseTbsCertificate	56	static
x509_cert_parse.c:293:9:x509ParseVersion	56	static
x509_cert_parse.c:354:9:x509ParseSerialNumber	56	static
x509_cert_parse.c:403:9:x509ParseSignature	56	static
x509_cert_parse.c:474:9:x509ParseRsaPssParameters	24	static
x509_cert_parse.c:549:9:x509ParseRsaPssHashAlgo	24	static
x509_cert_parse.c:600:9:x509ParseRsaPssSaltLength	24	static
x509_cert_parse.c:639:9:x509ParseName	72	static
x509_cert_parse.c:806:9:x509ParseNameAttribute	56	static
x509_cert_parse.c:882:9:x509ParseValidity	56	static
x509_cert_parse.c:935:9:x509ParseTime	56	static
x509_cert_parse.c:1067:9:x509ParseSubjectPublicKeyInfo	64	static
x509_cert_parse.c:1209:9:x509ParseAlgorithmIdentifier	56	static
x509_cert_parse.c:1329:9:x509ParseRsaPublicKey	56	static
x509_cert_parse.c:1402:9:x509ParseDsaParameters	24	static
x509_cert_parse.c:1495:9:x509ParseDsaPublicKey	24	static
x509_cert_parse.c:1538:9:x509ParseEcParameters	56	static
x509_cert_parse.c:1584:9:x509ParseEcPublicKey	24	static
x509_cert_parse.c:1618:9:x509ParseIssuerUniqueId	56	static
x509_cert_parse.c:1671:9:x509ParseSubjectUniqueId	56	static
x509_cert_parse.c:1725:9:x509ParseExtensions	88	static
x509_cert_parse.c:1982:9:x509ParseBasicConstraints	56	static
x509_cert_parse.c:2069:9:x509ParseNameConstraints	56	static
x509_cert_parse.c:2160:9:x509ParsePolicyConstraints	48	static
x509_cert_parse.c:2191:9:x509ParsePolicyMappings	48	static
x509_cert_parse.c:2221:9:x509ParseInhibitAnyPolicy	16	static
x509_cert_parse.c:2239:9:x509ParseKeyUsage	56	static
x509_cert_parse.c:2304:9:x509ParseExtendedKeyUsage	56	static
x509_cert_parse.c:2424:9:x509ParseSubjectAltName	72	static
x509_cert_parse.c:2493:9:x509ParseGeneralSubtrees	40	static
x509_cert_parse.c:2527:9:x509ParseGeneralSubtree	56	static
x509_cert_parse.c:2560:9:x509ParseGeneralName	56	static
x509_cert_parse.c:2605:9:x509ParseSubjectKeyId	56	static
x509_cert_parse.c:2644:9:x509ParseAuthorityKeyId	56	static
x509_cert_parse.c:2702:9:x509ParseNsCertType	56	static
x509_cert_parse.c:2753:9:x509ParseSignatureAlgo	56	static
x509_cert_parse.c:2798:9:x509ParseSignatureValue	56	static
