mpi.c:48:6:mpiInit	16	static
mpi.c:62:6:mpiFree	16	static
mpi.c:85:9:mpiGrow	24	static
mpi.c:129:8:mpiGetLength	24	static
mpi.c:156:8:mpiGetByteLength	24	static
mpi.c:192:8:mpiGetBitLength	24	static
mpi.c:230:9:mpiSetBitValue	40	static
mpi.c:264:8:mpiGetBitValue	24	static
mpi.c:289:7:mpiComp	24	static
mpi.c:333:7:mpiCompInt	32	static
mpi.c:356:7:mpiCompAbs	24	static
mpi.c:394:9:mpiCopy	24	static
mpi.c:431:9:mpiSetValue	24	static
mpi.c:462:9:mpiRand	48	static
mpi.c:513:9:mpiImport	32	static
mpi.c:598:9:mpiExport	40	static
mpi.c:676:9:mpiAdd	32	static
mpi.c:725:9:mpiAddInt	40	static
mpi.c:749:9:mpiSub	32	static
mpi.c:798:9:mpiSubInt	40	static
mpi.c:822:9:mpiAddAbs	48	static
mpi.c:902:9:mpiSubAbs	56	static
mpi.c:988:9:mpiShiftLeft	32	static
mpi.c:1043:9:mpiShiftRight	32	static
mpi.c:1096:16:mpiMul	64	static
mpi.c:1169:9:mpiMulInt	40	static
mpi.c:1194:9:mpiDiv	72	static
mpi.c:1261:9:mpiDivInt	40	static
mpi.c:1285:9:mpiMod	56	static
mpi.c:1350:9:mpiAddMod	32	static
mpi.c:1373:9:mpiSubMod	32	static
mpi.c:1396:9:mpiMulMod	32	static
mpi.c:1418:16:mpiInvMod	112	static
mpi.c:1494:16:mpiExpMod	200	static
mpi.c:1682:9:mpiMontgomeryMul	56	static
mpi.c:1753:9:mpiMontgomeryRed	48	static
mpi.c:1779:6:mpiMulAccCore	56	static
mpi.c:1827:6:mpiDump	32	static
