ipv6_misc.c:55:15:ipv6GetAddrState	24	static
ipv6_misc.c:95:9:ipv6SetAddr	64	static
ipv6_misc.c:224:6:ipv6AddAddr	48	static
ipv6_misc.c:334:6:ipv6RemoveAddr	40	static
ipv6_misc.c:375:6:ipv6AddPrefix	48	static
ipv6_misc.c:480:6:ipv6RemovePrefix	40	static
ipv6_misc.c:525:6:ipv6AddDefaultRouter	48	static
ipv6_misc.c:590:6:ipv6RemoveDefaultRouter	40	static
ipv6_misc.c:644:6:ipv6FlushAddrList	40	static
ipv6_misc.c:675:6:ipv6FlushPrefixList	24	static
ipv6_misc.c:707:6:ipv6FlushDefaultRouterList	24	static
ipv6_misc.c:739:6:ipv6FlushDnsServerList	16	static
ipv6_misc.c:754:9:ipv6CheckSourceAddr	16	static
ipv6_misc.c:777:9:ipv6CheckDestAddr	40	static
ipv6_misc.c:882:9:ipv6SelectSourceAddr	64	static
ipv6_misc.c:1032:8:ipv6IsOnLink	24	static
ipv6_misc.c:1076:8:ipv6IsAnycastAddr	24	static
ipv6_misc.c:1112:8:ipv6IsTentativeAddr	24	static
ipv6_misc.c:1148:8:ipv6IsLocalHostAddr	40	static
ipv6_misc.c:1208:8:ipv6CompPrefix	40	static
ipv6_misc.c:1253:8:ipv6GetAddrScope	24	static
ipv6_misc.c:1300:8:ipv6GetMulticastAddrScope	24	static
ipv6_misc.c:1325:8:ipv6GetCommonPrefixLength	32	static
ipv6_misc.c:1369:9:ipv6ComputeSolicitedNodeAddr	16	static
ipv6_misc.c:1397:9:ipv6MapMulticastAddrToMac	16	static
ipv6_misc.c:1427:6:ipv6GenerateLinkLocalAddr	16	static
ipv6_misc.c:1449:6:ipv6UpdateInStats	24	static
ipv6_misc.c:1476:6:ipv6UpdateOutStats	24	static
