ipv4.c:72:9:ipv4Init	24	static
ipv4.c:119:9:ipv4SetHostAddr	16	static
ipv4.c:134:9:ipv4SetHostAddrEx	32	static
ipv4.c:193:9:ipv4GetHostAddr	16	static
ipv4.c:208:9:ipv4GetHostAddrEx	32	static
ipv4.c:258:9:ipv4SetSubnetMask	16	static
ipv4.c:273:9:ipv4SetSubnetMaskEx	24	static
ipv4.c:302:9:ipv4GetSubnetMask	16	static
ipv4.c:317:9:ipv4GetSubnetMaskEx	24	static
ipv4.c:351:9:ipv4SetDefaultGateway	16	static
ipv4.c:366:9:ipv4SetDefaultGatewayEx	24	static
ipv4.c:400:9:ipv4GetDefaultGateway	16	static
ipv4.c:415:9:ipv4GetDefaultGatewayEx	24	static
ipv4.c:451:9:ipv4SetDnsServer	24	static
ipv4.c:485:9:ipv4GetDnsServer	24	static
ipv4.c:517:6:ipv4LinkChangeEvent	24	static
ipv4.c:565:6:ipv4ProcessPacket	48	static
ipv4.c:734:6:ipv4ProcessDatagram	88	static
ipv4.c:878:9:ipv4SendDatagram	56	static
ipv4.c:946:9:ipv4SendPacket	72	static
ipv4.c:1186:9:ipv4JoinMulticastGroup	48	static
ipv4.c:1295:9:ipv4LeaveMulticastGroup	40	static
ipv4.c:1371:9:ipv4StringToAddr	32	static
ipv4.c:1458:9:ipv4AddrToString	32	static
ipv4.c:1482:6:ipv4DumpHeader	16	static
