core_cm7.h:1865:22:__NVIC_SetPriorityGrouping	24	static
core_cm7.h:1896:22:__NVIC_EnableIRQ	16	static
core_cm7.h:1932:22:__NVIC_DisableIRQ	16	static,ignoring_inline_asm
core_cm7.h:2024:22:__NVIC_SetPriority	16	static
core_cm7.h:2071:26:NVIC_EncodePriority	40	static
stm32f7xx_eth_driver.c:118:9:stm32f7xxEthInit	32	static
stm32f7xx_eth_driver.c:414:6:stm32f7xxEthInitDmaDesc	24	static
stm32f7xx_eth_driver.c:483:6:stm32f7xxEthTick	16	static
stm32f7xx_eth_driver.c:495:6:stm32f7xxEthEnableIrq	16	static
stm32f7xx_eth_driver.c:509:6:stm32f7xxEthDisableIrq	16	static
stm32f7xx_eth_driver.c:522:6:ETH_IRQHandler	16	static,ignoring_inline_asm
stm32f7xx_eth_driver.c:575:6:stm32f7xxEthEventHandler	24	static
stm32f7xx_eth_driver.c:608:9:stm32f7xxEthSendPacket	32	static,ignoring_inline_asm
stm32f7xx_eth_driver.c:670:9:stm32f7xxEthReceivePacket	24	static
stm32f7xx_eth_driver.c:738:9:stm32f7xxEthUpdateMacAddrFilter	64	static
stm32f7xx_eth_driver.c:850:9:stm32f7xxEthUpdateMacConfig	24	static
stm32f7xx_eth_driver.c:884:6:stm32f7xxEthWritePhyReg	24	static
stm32f7xx_eth_driver.c:933:10:stm32f7xxEthReadPhyReg	24	static
stm32f7xx_eth_driver.c:987:6:stm32f7xxEthWriteSmi	16	static
stm32f7xx_eth_driver.c:1044:10:stm32f7xxEthReadSmi	24	static
stm32f7xx_eth_driver.c:1096:10:stm32f7xxEthCalcCrc	32	static
